This is pdfTeX, Version 3.141592653-2.6-1.40.25 (MiKTeX 24.1) (preloaded format=pdflatex 2026.6.8)  13 JUN 2026 18:11
entering extended mode
 restricted \write18 enabled.
 %&-line parsing enabled.
**./sentinel_tits.tex
(sentinel_tits.tex
LaTeX2e <2023-11-01> patch level 1
L3 programming layer <2024-01-04>
(IEEEtran.cls
Document Class: IEEEtran 2015/08/26 V1.8b by Michael Shell
-- See the "IEEEtran_HOWTO" manual for usage information.
-- http://www.michaelshell.org/tex/ieeetran/
\@IEEEtrantmpdimenA=\dimen140
\@IEEEtrantmpdimenB=\dimen141
\@IEEEtrantmpdimenC=\dimen142
\@IEEEtrantmpcountA=\count187
\@IEEEtrantmpcountB=\count188
\@IEEEtrantmpcountC=\count189
\@IEEEtrantmptoksA=\toks17
LaTeX Font Info:    Trying to load font information for OT1+ptm on input line 5
03.
(C:\Users\Joel\AppData\Local\Programs\MiKTeX\tex/latex/psnfss\ot1ptm.fd
File: ot1ptm.fd 2001/06/04 font definitions for OT1/ptm.
)
-- Using 8.5in x 11in (letter) paper.
-- Using PDF output.
\@IEEEnormalsizeunitybaselineskip=\dimen143
-- This is a 10 point document.
\CLASSINFOnormalsizebaselineskip=\dimen144
\CLASSINFOnormalsizeunitybaselineskip=\dimen145
\IEEEnormaljot=\dimen146
LaTeX Font Info:    Font shape `OT1/ptm/bx/n' in size <5> not available
(Font)              Font shape `OT1/ptm/b/n' tried instead on input line 1086.
LaTeX Font Info:    Font shape `OT1/ptm/bx/it' in size <5> not available
(Font)              Font shape `OT1/ptm/b/it' tried instead on input line 1086.

LaTeX Font Info:    Font shape `OT1/ptm/bx/n' in size <7> not available
(Font)              Font shape `OT1/ptm/b/n' tried instead on input line 1086.
LaTeX Font Info:    Font shape `OT1/ptm/bx/it' in size <7> not available
(Font)              Font shape `OT1/ptm/b/it' tried instead on input line 1086.

LaTeX Font Info:    Font shape `OT1/ptm/bx/n' in size <8> not available
(Font)              Font shape `OT1/ptm/b/n' tried instead on input line 1086.
LaTeX Font Info:    Font shape `OT1/ptm/bx/it' in size <8> not available
(Font)              Font shape `OT1/ptm/b/it' tried instead on input line 1086.

LaTeX Font Info:    Font shape `OT1/ptm/bx/n' in size <9> not available
(Font)              Font shape `OT1/ptm/b/n' tried instead on input line 1086.
LaTeX Font Info:    Font shape `OT1/ptm/bx/it' in size <9> not available
(Font)              Font shape `OT1/ptm/b/it' tried instead on input line 1086.

LaTeX Font Info:    Font shape `OT1/ptm/bx/n' in size <10> not available
(Font)              Font shape `OT1/ptm/b/n' tried instead on input line 1086.
LaTeX Font Info:    Font shape `OT1/ptm/bx/it' in size <10> not available
(Font)              Font shape `OT1/ptm/b/it' tried instead on input line 1086.

LaTeX Font Info:    Font shape `OT1/ptm/bx/n' in size <11> not available
(Font)              Font shape `OT1/ptm/b/n' tried instead on input line 1086.
LaTeX Font Info:    Font shape `OT1/ptm/bx/it' in size <11> not available
(Font)              Font shape `OT1/ptm/b/it' tried instead on input line 1086.

LaTeX Font Info:    Font shape `OT1/ptm/bx/n' in size <12> not available
(Font)              Font shape `OT1/ptm/b/n' tried instead on input line 1086.
LaTeX Font Info:    Font shape `OT1/ptm/bx/it' in size <12> not available
(Font)              Font shape `OT1/ptm/b/it' tried instead on input line 1086.

LaTeX Font Info:    Font shape `OT1/ptm/bx/n' in size <18> not available
(Font)              Font shape `OT1/ptm/b/n' tried instead on input line 1086.
LaTeX Font Info:    Font shape `OT1/ptm/bx/it' in size <18> not available
(Font)              Font shape `OT1/ptm/b/it' tried instead on input line 1086.

\IEEEquantizedlength=\dimen147
\IEEEquantizedlengthdiff=\dimen148
\IEEEquantizedtextheightdiff=\dimen149
\IEEEilabelindentA=\dimen150
\IEEEilabelindentB=\dimen151
\IEEEilabelindent=\dimen152
\IEEEelabelindent=\dimen153
\IEEEdlabelindent=\dimen154
\IEEElabelindent=\dimen155
\IEEEiednormlabelsep=\dimen156
\IEEEiedmathlabelsep=\dimen157
\IEEEiedtopsep=\skip48
\c@section=\count190
\c@subsection=\count191
\c@subsubsection=\count192
\c@paragraph=\count193
\c@IEEEsubequation=\count194
\abovecaptionskip=\skip49
\belowcaptionskip=\skip50
\c@figure=\count195
\c@table=\count196
\@IEEEeqnnumcols=\count197
\@IEEEeqncolcnt=\count198
\@IEEEsubeqnnumrollback=\count199
\@IEEEquantizeheightA=\dimen158
\@IEEEquantizeheightB=\dimen159
\@IEEEquantizeheightC=\dimen160
\@IEEEquantizeprevdepth=\dimen161
\@IEEEquantizemultiple=\count266
\@IEEEquantizeboxA=\box51
\@IEEEtmpitemindent=\dimen162
\IEEEPARstartletwidth=\dimen163
\c@IEEEbiography=\count267
\@IEEEtranrubishbin=\box52
) (C:\Users\Joel\AppData\Local\Programs\MiKTeX\tex/latex/amsmath\amsmath.sty
Package: amsmath 2023/05/13 v2.17o AMS math features
\@mathmargin=\skip51

For additional information on amsmath, use the `?' option.
(C:\Users\Joel\AppData\Local\Programs\MiKTeX\tex/latex/amsmath\amstext.sty
Package: amstext 2021/08/26 v2.01 AMS text

(C:\Users\Joel\AppData\Local\Programs\MiKTeX\tex/latex/amsmath\amsgen.sty
File: amsgen.sty 1999/11/30 v2.0 generic functions
\@emptytoks=\toks18
\ex@=\dimen164
))
(C:\Users\Joel\AppData\Local\Programs\MiKTeX\tex/latex/amsmath\amsbsy.sty
Package: amsbsy 1999/11/29 v1.2d Bold Symbols
\pmbraise@=\dimen165
)
(C:\Users\Joel\AppData\Local\Programs\MiKTeX\tex/latex/amsmath\amsopn.sty
Package: amsopn 2022/04/08 v2.04 operator names
)
\inf@bad=\count268
LaTeX Info: Redefining \frac on input line 234.
\uproot@=\count269
\leftroot@=\count270
LaTeX Info: Redefining \overline on input line 399.
LaTeX Info: Redefining \colon on input line 410.
\classnum@=\count271
\DOTSCASE@=\count272
LaTeX Info: Redefining \ldots on input line 496.
LaTeX Info: Redefining \dots on input line 499.
LaTeX Info: Redefining \cdots on input line 620.
\Mathstrutbox@=\box53
\strutbox@=\box54
LaTeX Info: Redefining \big on input line 722.
LaTeX Info: Redefining \Big on input line 723.
LaTeX Info: Redefining \bigg on input line 724.
LaTeX Info: Redefining \Bigg on input line 725.
\big@size=\dimen166
LaTeX Font Info:    Redeclaring font encoding OML on input line 743.
LaTeX Font Info:    Redeclaring font encoding OMS on input line 744.
\macc@depth=\count273
LaTeX Info: Redefining \bmod on input line 905.
LaTeX Info: Redefining \pmod on input line 910.
LaTeX Info: Redefining \smash on input line 940.
LaTeX Info: Redefining \relbar on input line 970.
LaTeX Info: Redefining \Relbar on input line 971.
\c@MaxMatrixCols=\count274
\dotsspace@=\muskip16
\c@parentequation=\count275
\dspbrk@lvl=\count276
\tag@help=\toks19
\row@=\count277
\column@=\count278
\maxfields@=\count279
\andhelp@=\toks20
\eqnshift@=\dimen167
\alignsep@=\dimen168
\tagshift@=\dimen169
\tagwidth@=\dimen170
\totwidth@=\dimen171
\lineht@=\dimen172
\@envbody=\toks21
\multlinegap=\skip52
\multlinetaggap=\skip53
\mathdisplay@stack=\toks22
LaTeX Info: Redefining \[ on input line 2953.
LaTeX Info: Redefining \] on input line 2954.
)
(C:\Users\Joel\AppData\Local\Programs\MiKTeX\tex/latex/amsfonts\amsfonts.sty
Package: amsfonts 2013/01/14 v3.01 Basic AMSFonts support
\symAMSa=\mathgroup4
\symAMSb=\mathgroup5
LaTeX Font Info:    Redeclaring math symbol \hbar on input line 98.
LaTeX Font Info:    Overwriting math alphabet `\mathfrak' in version `bold'
(Font)                  U/euf/m/n --> U/euf/b/n on input line 106.
)
(C:\Users\Joel\AppData\Local\Programs\MiKTeX\tex/latex/amsfonts\amssymb.sty
Package: amssymb 2013/01/14 v3.01 AMS font symbols
)
(C:\Users\Joel\AppData\Local\Programs\MiKTeX\tex/latex/algorithms\algorithm.sty
Package: algorithm 2009/08/24 v0.1 Document Style `algorithm' - floating enviro
nment
(C:\Users\Joel\AppData\Local\Programs\MiKTeX\tex/latex/float\float.sty
Package: float 2001/11/08 v1.3d Float enhancements (AL)
\c@float@type=\count280
\float@exts=\toks23
\float@box=\box55
\@float@everytoks=\toks24
\@floatcapt=\box56
)
(C:\Users\Joel\AppData\Local\Programs\MiKTeX\tex/latex/base\ifthen.sty
Package: ifthen 2022/04/13 v1.1d Standard LaTeX ifthen package (DPC)
)
\@float@every@algorithm=\toks25
\c@algorithm=\count281
)
(C:\Users\Joel\AppData\Local\Programs\MiKTeX\tex/latex/algorithms\algorithmic.s
ty
Package: algorithmic 2009/08/24 v0.1 Document Style `algorithmic'
 (C:\Users\Joel\AppData\Local\Programs\MiKTeX\tex/latex/graphics\keyval.sty
Package: keyval 2022/05/29 v1.15 key=value parser (DPC)
\KV@toks@=\toks26
)
\c@ALC@unique=\count282
\c@ALC@line=\count283
\c@ALC@rem=\count284
\c@ALC@depth=\count285
\ALC@tlm=\skip54
\algorithmicindent=\skip55
) (C:\Users\Joel\AppData\Local\Programs\MiKTeX\tex/latex/tools\array.sty
Package: array 2023/10/16 v2.5g Tabular extension package (FMi)
\col@sep=\dimen173
\ar@mcellbox=\box57
\extrarowheight=\dimen174
\NC@list=\toks27
\extratabsurround=\skip56
\backup@length=\skip57
\ar@cellbox=\box58
)
(C:\Users\Joel\AppData\Local\Programs\MiKTeX\tex/latex/base\textcomp.sty
Package: textcomp 2020/02/02 v2.0n Standard LaTeX package
)
(C:\Users\Joel\AppData\Local\Programs\MiKTeX\tex/latex/sttools\stfloats.sty
Package: stfloats 2025/06/18 v3.4 Improve float mechanism and baselineskip sett
ings
\@dblbotnum=\count286
\c@dblbotnumber=\count287
)
(C:\Users\Joel\AppData\Local\Programs\MiKTeX\tex/latex/url\url.sty
\Urlmuskip=\muskip17
Package: url 2013/09/16  ver 3.4  Verb mode for urls, etc.
)
(C:\Users\Joel\AppData\Local\Programs\MiKTeX\tex/latex/graphics\graphicx.sty
Package: graphicx 2021/09/16 v1.2d Enhanced LaTeX Graphics (DPC,SPQR)

(C:\Users\Joel\AppData\Local\Programs\MiKTeX\tex/latex/graphics\graphics.sty
Package: graphics 2022/03/10 v1.4e Standard LaTeX Graphics (DPC,SPQR)

(C:\Users\Joel\AppData\Local\Programs\MiKTeX\tex/latex/graphics\trig.sty
Package: trig 2021/08/11 v1.11 sin cos tan (DPC)
)
(C:\Users\Joel\AppData\Local\Programs\MiKTeX\tex/latex/graphics-cfg\graphics.cf
g
File: graphics.cfg 2016/06/04 v1.11 sample graphics configuration
)
Package graphics Info: Driver file: pdftex.def on input line 107.

(C:\Users\Joel\AppData\Local\Programs\MiKTeX\tex/latex/graphics-def\pdftex.def
File: pdftex.def 2022/09/22 v1.2b Graphics/color driver for pdftex
))
\Gin@req@height=\dimen175
\Gin@req@width=\dimen176
) (C:\Users\Joel\AppData\Local\Programs\MiKTeX\tex/latex/cite\cite.sty
LaTeX Info: Redefining \cite on input line 302.
LaTeX Info: Redefining \nocite on input line 332.
Package: cite 2015/02/27  v 5.5
)
(C:\Users\Joel\AppData\Local\Programs\MiKTeX\tex/latex/booktabs\booktabs.sty
Package: booktabs 2020/01/12 v1.61803398 Publication quality tables
\heavyrulewidth=\dimen177
\lightrulewidth=\dimen178
\cmidrulewidth=\dimen179
\belowrulesep=\dimen180
\belowbottomsep=\dimen181
\aboverulesep=\dimen182
\abovetopsep=\dimen183
\cmidrulesep=\dimen184
\cmidrulekern=\dimen185
\defaultaddspace=\dimen186
\@cmidla=\count288
\@cmidlb=\count289
\@aboverulesep=\dimen187
\@belowrulesep=\dimen188
\@thisruleclass=\count290
\@lastruleclass=\count291
\@thisrulewidth=\dimen189
)
(C:\Users\Joel\AppData\Local\Programs\MiKTeX\tex/latex/multirow\multirow.sty
Package: multirow 2024/11/12 v2.9 Span multiple rows of a table
\multirow@colwidth=\skip58
\multirow@cntb=\count292
\multirow@dima=\skip59
\bigstrutjot=\dimen190
)
(C:\Users\Joel\AppData\Local\Programs\MiKTeX\tex/latex/xcolor\xcolor.sty
Package: xcolor 2023/11/15 v3.01 LaTeX color extensions (UK)

(C:\Users\Joel\AppData\Local\Programs\MiKTeX\tex/latex/graphics-cfg\color.cfg
File: color.cfg 2016/01/02 v1.6 sample color configuration
)
Package xcolor Info: Driver file: pdftex.def on input line 274.

(C:\Users\Joel\AppData\Local\Programs\MiKTeX\tex/latex/graphics\mathcolor.ltx)
Package xcolor Info: Model `cmy' substituted by `cmy0' on input line 1350.
Package xcolor Info: Model `hsb' substituted by `rgb' on input line 1354.
Package xcolor Info: Model `RGB' extended on input line 1366.
Package xcolor Info: Model `HTML' substituted by `rgb' on input line 1368.
Package xcolor Info: Model `Hsb' substituted by `hsb' on input line 1369.
Package xcolor Info: Model `tHsb' substituted by `hsb' on input line 1370.
Package xcolor Info: Model `HSB' substituted by `hsb' on input line 1371.
Package xcolor Info: Model `Gray' substituted by `gray' on input line 1372.
Package xcolor Info: Model `wave' substituted by `hsb' on input line 1373.
)
(C:\Users\Joel\AppData\Local\Programs\MiKTeX\tex/latex/l3backend\l3backend-pdft
ex.def
File: l3backend-pdftex.def 2024-01-04 L3 backend support: PDF output (pdfTeX)
\l__color_backend_stack_int=\count293
\l__pdf_internal_box=\box59
) (sentinel_tits.aux)
\openout1 = `sentinel_tits.aux'.

LaTeX Font Info:    Checking defaults for OML/cmm/m/it on input line 55.
LaTeX Font Info:    ... okay on input line 55.
LaTeX Font Info:    Checking defaults for OMS/cmsy/m/n on input line 55.
LaTeX Font Info:    ... okay on input line 55.
LaTeX Font Info:    Checking defaults for OT1/cmr/m/n on input line 55.
LaTeX Font Info:    ... okay on input line 55.
LaTeX Font Info:    Checking defaults for T1/cmr/m/n on input line 55.
LaTeX Font Info:    ... okay on input line 55.
LaTeX Font Info:    Checking defaults for TS1/cmr/m/n on input line 55.
LaTeX Font Info:    ... okay on input line 55.
LaTeX Font Info:    Checking defaults for OMX/cmex/m/n on input line 55.
LaTeX Font Info:    ... okay on input line 55.
LaTeX Font Info:    Checking defaults for U/cmr/m/n on input line 55.
LaTeX Font Info:    ... okay on input line 55.

-- Lines per column: 58 (exact).

(C:\Users\Joel\AppData\Local\Programs\MiKTeX\tex/context/base/mkii\supp-pdf.mki
i
[Loading MPS to PDF converter (version 2006.09.02).]
\scratchcounter=\count294
\scratchdimen=\dimen191
\scratchbox=\box60
\nofMPsegments=\count295
\nofMParguments=\count296
\everyMPshowfont=\toks28
\MPscratchCnt=\count297
\MPscratchDim=\dimen192
\MPnumerator=\count298
\makeMPintoPDFobject=\count299
\everyMPtoPDFconversion=\toks29
)
(C:\Users\Joel\AppData\Local\Programs\MiKTeX\tex/latex/epstopdf-pkg\epstopdf-ba
se.sty
Package: epstopdf-base 2020-01-24 v2.11 Base part for package epstopdf
Package epstopdf-base Info: Redefining graphics rule for `.eps' on input line 4
85.

(C:\Users\Joel\AppData\Local\Programs\MiKTeX\tex/latex/00miktex\epstopdf-sys.cf
g
File: epstopdf-sys.cfg 2021/03/18 v2.0 Configuration of epstopdf for MiKTeX
))
Underfull \vbox (badness 1033) has occurred while \output is active []



LaTeX Warning: Citation `[AuthorYear_AV_positioning_survey]' on page 1 undefine
d on input line 138.


LaTeX Warning: Citation `[AuthorYear_NLOS_survey]' on page 1 undefined on input
 line 143.

LaTeX Font Info:    Trying to load font information for U+msa on input line 150
.
(C:\Users\Joel\AppData\Local\Programs\MiKTeX\tex/latex/amsfonts\umsa.fd
File: umsa.fd 2013/01/14 v3.01 AMS symbols A
)
LaTeX Font Info:    Trying to load font information for U+msb on input line 150
.

(C:\Users\Joel\AppData\Local\Programs\MiKTeX\tex/latex/amsfonts\umsb.fd
File: umsb.fd 2013/01/14 v3.01 AMS symbols B
)

LaTeX Warning: Citation `[AuthorYear_RAIM_classic]' on page 1 undefined on inpu
t line 152.


LaTeX Warning: Citation `[AuthorYear_cooperative_driving]' on page 1 undefined 
on input line 163.


LaTeX Warning: Citation `[AuthorYear_Paper_A_GPS_Solutions]' on page 1 undefine
d on input line 170.


Underfull \hbox (badness 1810) in paragraph at lines 168--178
\OT1/ptm/m/n/10 frame-work (Fig. 1[]) that in-te-grates SEN-TINEL degra-da-
 []

LaTeX Font Info:    Trying to load font information for TS1+ptm on input line 1
78.
(C:\Users\Joel\AppData\Local\Programs\MiKTeX\tex/latex/psnfss\ts1ptm.fd
File: ts1ptm.fd 2001/06/04 font definitions for TS1/ptm.
)
[1{C:/Users/Joel/AppData/Local/MiKTeX/fonts/map/pdftex/pdftex.map}{C:/Users/Joe
l/AppData/Local/Programs/MiKTeX/fonts/enc/dvips/base/8r.enc}


]
<figures/fig_system_overview.pdf, id=13, 505.1673pt x 172.63872pt>
File: figures/fig_system_overview.pdf Graphic file (type pdf)
<use figures/fig_system_overview.pdf>
Package pdftex.def Info: figures/fig_system_overview.pdf  used on input line 20
0.
(pdftex.def)             Requested size: 252.0pt x 86.11893pt.


LaTeX Warning: Citation `[AuthorYear_Groves_2013]' on page 2 undefined on input
 line 217.


LaTeX Warning: Citation `[AuthorYear_Petovello_2015]' on page 2 undefined on in
put line 217.


LaTeX Warning: Citation `[AuthorYear_tight_coupling_urban]' on page 2 undefined
 on input line 220.


LaTeX Warning: Citation `[AuthorYear_factor_graph_GNSS_IMU]' on page 2 undefine
d on input line 224.


LaTeX Warning: Citation `[AuthorYear_Sage_Husa]' on page 2 undefined on input l
ine 229.


LaTeX Warning: Citation `[AuthorYear_IMM_GNSS]' on page 2 undefined on input li
ne 232.


LaTeX Warning: Citation `[AuthorYear_chi2_GNSS]' on page 2 undefined on input l
ine 233.


LaTeX Warning: Citation `[AuthorYear_predictive_adaptive_KF]' on page 2 undefin
ed on input line 238.


LaTeX Warning: Citation `[AuthorYear_TLIO]' on page 2 undefined on input line 2
44.


LaTeX Warning: Citation `[AuthorYear_RIDI]' on page 2 undefined on input line 2
44.


LaTeX Warning: Citation `[AuthorYear_ML_GNSS_outlier]' on page 2 undefined on i
nput line 245.


LaTeX Warning: Citation `[AuthorYear_ML_map_matching]' on page 2 undefined on i
nput line 246.


LaTeX Warning: Citation `[AuthorYear_RNN_pseudorange]' on page 2 undefined on i
nput line 247.


LaTeX Warning: Citation `[AuthorYear_UrbanNav_dataset]' on page 2 undefined on 
input line 253.


LaTeX Warning: Citation `[AuthorYear_UrbanNav_GNSS]' on page 2 undefined on inp
ut line 256.


LaTeX Warning: Citation `[AuthorYear_UrbanNav_INS]' on page 2 undefined on inpu
t line 257.


LaTeX Warning: Citation `[AuthorYear_UrbanNav_lidar]' on page 2 undefined on in
put line 258.


LaTeX Warning: Citation `[AuthorYear_Paper_A_GPS_Solutions]' on page 2 undefine
d on input line 266.


Overfull \hbox (14.0474pt too wide) detected at line 277
[][]\OT1/cmr/m/n/10 (\OML/cmm/m/it/10 t\OT1/cmr/m/n/10 ) = \OML/cmm/m/it/10 P [
][]t[]h \OMS/cmsy/m/n/10 j \OT1/cmr/bx/n/10 x[][]\OML/cmm/m/it/10 ;  h \OMS/cms
y/m/n/10 2 f\OT1/cmr/m/n/10 5\OML/cmm/m/it/10 ; \OT1/cmr/m/n/10 15\OML/cmm/m/it
/10 ; \OT1/cmr/m/n/10 30\OMS/cmsy/m/n/10 g []
 []

[2 <./figures/fig_system_overview.pdf>]
<figures/fig_calibration.pdf, id=107, 500.39171pt x 197.51491pt>
File: figures/fig_calibration.pdf Graphic file (type pdf)
<use figures/fig_calibration.pdf>
Package pdftex.def Info: figures/fig_calibration.pdf  used on input line 307.
(pdftex.def)             Requested size: 252.0pt x 99.47147pt.


LaTeX Warning: Citation `[AuthorYear_NHC_GNSS]' on page 3 undefined on input li
ne 347.


Overfull \hbox (55.14128pt too wide) detected at line 400
[][]\OT1/cmr/m/n/10 (\OML/cmm/m/it/10 t\OT1/cmr/m/n/10 ) = [][][][] \OMS/cmsy/m
/n/10 k\OT1/cmr/bx/n/10 z[] \OMS/cmsy/m/n/10 ^^@ \OT1/cmr/bx/n/10 H[]\OMS/cmsy/
m/n/10 k \OT1/cmr/m/n/10 : \OML/cmm/m/it/10 ^^\ \OMS/cmsy/m/n/10 2 W[]\OML/cmm/
m/it/10 ;  []\OT1/cmr/m/n/10 (\OML/cmm/m/it/10 ^^\\OT1/cmr/m/n/10 ) \OML/cmm/m/
it/10 > \OT1/cmr/m/n/10 0\OML/cmm/m/it/10 :\OT1/cmr/m/n/10 1 []\OML/cmm/m/it/10
 ;  \OT1/cmr/m/n/10 8\OML/cmm/m/it/10 ;  \OT1/cmr/m/n/10 80[]\OML/cmm/m/it/10 :

 []

<figures/fig_adaptive_r.pdf, id=108, 771.14644pt x 340.7534pt>
File: figures/fig_adaptive_r.pdf Graphic file (type pdf)
<use figures/fig_adaptive_r.pdf>
Package pdftex.def Info: figures/fig_adaptive_r.pdf  used on input line 408.
(pdftex.def)             Requested size: 252.0pt x 111.35187pt.
[3 <./figures/fig_calibration.pdf>]
Overfull \hbox (34.37114pt too wide) in paragraph at lines 470--481
[][] 
 []


Overfull \hbox (16.50024pt too wide) in paragraph at lines 505--528
[][]
 []


Underfull \hbox (badness 1694) in paragraph at lines 530--534
\OT1/ptm/m/n/10 and degraded-epoch RMSE from 47.40 m to 24.28 m
 []


Overfull \hbox (19.33505pt too wide) in paragraph at lines 566--578
[][] 
 []


LaTeX Warning: `h' float specifier changed to `ht'.

[4 <./figures/fig_adaptive_r.pdf>]
<figures/fig_error_cdf.pdf, id=276, 505.89pt x 303.534pt>
File: figures/fig_error_cdf.pdf Graphic file (type pdf)
<use figures/fig_error_cdf.pdf>
Package pdftex.def Info: figures/fig_error_cdf.pdf  used on input line 598.
(pdftex.def)             Requested size: 252.0pt x 151.20157pt.
<figures/fig_tokyo_comparison.pdf, id=277, 520.34402pt x 289.08pt>
File: figures/fig_tokyo_comparison.pdf Graphic file (type pdf)
<use figures/fig_tokyo_comparison.pdf>
Package pdftex.def Info: figures/fig_tokyo_comparison.pdf  used on input line 6
08.
(pdftex.def)             Requested size: 252.0pt x 140.00072pt.
<figures/fig_tunnel.pdf, id=278, 420.1782pt x 357.18092pt>
File: figures/fig_tunnel.pdf Graphic file (type pdf)
<use figures/fig_tunnel.pdf>
Package pdftex.def Info: figures/fig_tunnel.pdf  used on input line 684.
(pdftex.def)             Requested size: 252.0pt x 214.21754pt.
<figures/fig_hk_results.pdf, id=279, 505.27145pt x 242.8393pt>
File: figures/fig_hk_results.pdf Graphic file (type pdf)
<use figures/fig_hk_results.pdf>
Package pdftex.def Info: figures/fig_hk_results.pdf  used on input line 695.
(pdftex.def)             Requested size: 252.0pt x 121.11179pt.

Overfull \hbox (12.46286pt too wide) in paragraph at lines 715--725
[][] 
 []


LaTeX Warning: `h' float specifier changed to `ht'.

[5 <./figures/fig_error_cdf.pdf> <./figures/fig_tokyo_comparison.pdf>] [6 <./fi
gures/fig_tunnel.pdf> <./figures/fig_hk_results.pdf>]

LaTeX Warning: Citation `[AuthorYear_V2I_GNSS_map]' on page 7 undefined on inpu
t line 803.


LaTeX Warning: Citation `[AuthorYear_Platt_scaling]' on page 7 undefined on inp
ut line 818.


LaTeX Warning: Citation `[AuthorYear_online_noise_estimation]' on page 7 undefi
ned on input line 836.

(sentinel_tits.bbl

! LaTeX Error: Something's wrong--perhaps a missing \item.

See the LaTeX manual or LaTeX Companion for explanation.
Type  H <return>  for immediate help.
 ...                                              
                                                  
l.24 \end{thebibliography}
                          
Try typing  <return>  to proceed.
If that doesn't work, type  X <return>  to quit.

) [7] (sentinel_tits.aux)
 ***********
LaTeX2e <2023-11-01> patch level 1
L3 programming layer <2024-01-04>
 ***********


LaTeX Warning: There were undefined references.

 ) 
Here is how much of TeX's memory you used:
 4800 strings out of 474486
 78124 string characters out of 5744228
 1952542 words of memory out of 5000000
 27000 multiletter control sequences out of 15000+600000
 601595 words of font info for 119 fonts, out of 8000000 for 9000
 1145 hyphenation exceptions out of 8191
 57i,12n,65p,563b,256s stack positions out of 10000i,1000n,20000p,200000b,200000s
<C:/Users/Joel/AppData/Local/Programs/MiKTeX/fonts/type1/public/amsfonts/cm/c
mbx10.pfb><C:/Users/Joel/AppData/Local/Programs/MiKTeX/fonts/type1/public/amsfo
nts/cm/cmex10.pfb><C:/Users/Joel/AppData/Local/Programs/MiKTeX/fonts/type1/publ
ic/amsfonts/cm/cmmi10.pfb><C:/Users/Joel/AppData/Local/Programs/MiKTeX/fonts/ty
pe1/public/amsfonts/cm/cmmi6.pfb><C:/Users/Joel/AppData/Local/Programs/MiKTeX/f
onts/type1/public/amsfonts/cm/cmmi7.pfb><C:/Users/Joel/AppData/Local/Programs/M
iKTeX/fonts/type1/public/amsfonts/cm/cmmi8.pfb><C:/Users/Joel/AppData/Local/Pro
grams/MiKTeX/fonts/type1/public/amsfonts/cm/cmmib10.pfb><C:/Users/Joel/AppData/
Local/Programs/MiKTeX/fonts/type1/public/amsfonts/cm/cmr10.pfb><C:/Users/Joel/A
ppData/Local/Programs/MiKTeX/fonts/type1/public/amsfonts/cm/cmr6.pfb><C:/Users/
Joel/AppData/Local/Programs/MiKTeX/fonts/type1/public/amsfonts/cm/cmr7.pfb><C:/
Users/Joel/AppData/Local/Programs/MiKTeX/fonts/type1/public/amsfonts/cm/cmr8.pf
b><C:/Users/Joel/AppData/Local/Programs/MiKTeX/fonts/type1/public/amsfonts/cm/c
msy10.pfb><C:/Users/Joel/AppData/Local/Programs/MiKTeX/fonts/type1/public/amsfo
nts/cm/cmsy7.pfb><C:/Users/Joel/AppData/Local/Programs/MiKTeX/fonts/type1/urw/t
imes/utmb8a.pfb><C:/Users/Joel/AppData/Local/Programs/MiKTeX/fonts/type1/urw/ti
mes/utmbi8a.pfb><C:/Users/Joel/AppData/Local/Programs/MiKTeX/fonts/type1/urw/ti
mes/utmr8a.pfb><C:/Users/Joel/AppData/Local/Programs/MiKTeX/fonts/type1/urw/tim
es/utmri8a.pfb>
Output written on sentinel_tits.pdf (7 pages, 454955 bytes).
PDF statistics:
 535 PDF objects out of 1000 (max. 8388607)
 0 named destinations out of 1000 (max. 500000)
 36 words of extra memory for PDF output out of 10000 (max. 10000000)

